// Jest Snapshot v1, https://goo.gl/fbAQLP

exports[`Appointments List should render the list 1`] = `null`;
