// Jest Snapshot v1, https://goo.gl/fbAQLP

exports[`New Appointment Form should render the form 1`] = `
<form
  id="new-appointment-form"
/>
`;
